2026-01-22T08:14:09+00:00 DEBUG #8880 - [New Request] POST /wp-admin/admin-ajax.php
2026-01-22T08:14:09+00:00 INFO #8880 - No customers for payment tokens migration.
2026-01-22T08:14:09+00:00 DEBUG #8880 - GET https://api.woocommerce.com/integrations/ppc/v1/customer/partners/K8SKZ36LQBWXJ/merchant-integrations/
Response: Array
(
    [code] => 404
    [message] => Not Found
)

Response Body: {"statusCode":404,"error":"Not Found","message":"Not Found"}
2026-01-22T08:14:09+00:00 WARNING #8880 - [Error] Not Found CONTEXT: {"args":{"method":"GET","headers":{"Authorization":"Bearer token","Content-Type":"application/json"}},"response":{"headers":{},"body":"{"statusCode":404,"error":"Not Found","message":"Not Found"}","response":{"code":404,"message":"Not Found"},"cookies":[],"filename":null,"http_response":{"data":null,"headers":null,"status":null}}}
2026-01-22T08:14:11+00:00 DEBUG #9533 - [New Request] POST /wp-cron.php
2026-01-22T08:14:11+00:00 INFO #9533 - No customers for payment tokens migration.
2026-01-22T08:14:12+00:00 DEBUG #9533 - GET https://api.woocommerce.com/integrations/ppc/v1/customer/partners/K8SKZ36LQBWXJ/merchant-integrations/
Response: Array
(
    [code] => 404
    [message] => Not Found
)

Response Body: {"statusCode":404,"error":"Not Found","message":"Not Found"}
2026-01-22T08:14:12+00:00 WARNING #9533 - [Error] Not Found CONTEXT: {"args":{"method":"GET","headers":{"Authorization":"Bearer token","Content-Type":"application/json"}},"response":{"headers":{},"body":"{"statusCode":404,"error":"Not Found","message":"Not Found"}","response":{"code":404,"message":"Not Found"},"cookies":[],"filename":null,"http_response":{"data":null,"headers":null,"status":null}}}
2026-01-22T09:29:11+00:00 DEBUG #1040 - [New Request] GET /wp-admin/plugins.php
2026-01-22T09:29:11+00:00 DEBUG #1040 - Webhook lock acquired for 'unregister'.
2026-01-22T09:29:11+00:00 DEBUG #1040 - Webhook operation 'unregister' started.
2026-01-22T09:29:11+00:00 DEBUG #1040 - GET https://api.woocommerce.com/integrations/ppc/v1/notifications/webhooks
Response: Array
(
    [code] => 404
    [message] => Not Found
)

Response Body: {"statusCode":404,"error":"Not Found","message":"Not Found"}
2026-01-22T09:29:11+00:00 ERROR #1040 - Failed to delete webhooks: [Error] Not Found
2026-01-22T09:29:11+00:00 INFO #1040 - Webhooks deleted.
2026-01-22T09:29:11+00:00 DEBUG #1040 - Webhook lock released for 'unregister'.
